{
    "Params: default - stub": {
        "content": [
            9,
            {
                "FILTER_INDELS": {
                    "bcftools": 1.21
                },
                "FILTER_SNPS": {
                    "bcftools": 1.21
                },
                "ISEC_INDELS": {
                    "bcftools": 1.21
                },
                "ISEC_SNPS": {
                    "bcftools": 1.21
                },
                "PASS_INDELS": {
                    "bcftools": 1.21
                },
                "PASS_SNPS": {
                    "bcftools": 1.21
                },
                "STATS_INDELS": {
                    "bcftools": 1.21
                },
                "STATS_SNPS": {
                    "bcftools": 1.21
                },
                "Workflow": {
                    "qbic-pipelines/variantconsensus": "v1.0.0"
                }
            },
            [
                "bcftools",
                "bcftools/indels",
                "bcftools/indels/isec",
                "bcftools/indels/isec/A_t5.indels",
                "bcftools/indels/isec/A_t5.indels/0000.vcf.gz",
                "bcftools/indels/isec/A_t5.indels/0000.vcf.gz.tbi",
                "bcftools/indels/isec/A_t5.indels/0001.vcf.gz",
                "bcftools/indels/isec/A_t5.indels/0001.vcf.gz.tbi",
                "bcftools/indels/isec/A_t5.indels/A.A_t5.indels.consensus.vcf.gz.tbi",
                "bcftools/indels/isec/A_t5.indels/README.txt",
                "bcftools/indels/isec/A_t5.indels/sites.txt",
                "bcftools/indels/isec/versions.yml",
                "bcftools/indels/pass",
                "bcftools/indels/pass/A_t5.indels.consensus.pass.vcf.gz",
                "bcftools/indels/pass/A_t5.indels.consensus.pass.vcf.gz.tbi",
                "bcftools/indels/pass/versions.yml",
                "bcftools/indels/stats",
                "bcftools/indels/stats/A_t5.indels.bcftools_stats.txt",
                "bcftools/indels/stats/versions.yml",
                "bcftools/indels/view",
                "bcftools/indels/view/A_t5.muse.indels.vcf.gz",
                "bcftools/indels/view/A_t5.muse.indels.vcf.gz.tbi",
                "bcftools/indels/view/versions.yml",
                "bcftools/snps",
                "bcftools/snps/isec",
                "bcftools/snps/isec/A_t5.snps",
                "bcftools/snps/isec/A_t5.snps/0000.vcf.gz",
                "bcftools/snps/isec/A_t5.snps/0000.vcf.gz.tbi",
                "bcftools/snps/isec/A_t5.snps/0001.vcf.gz",
                "bcftools/snps/isec/A_t5.snps/0001.vcf.gz.tbi",
                "bcftools/snps/isec/A_t5.snps/A.A_t5.snps.consensus.vcf.gz.tbi",
                "bcftools/snps/isec/A_t5.snps/README.txt",
                "bcftools/snps/isec/A_t5.snps/sites.txt",
                "bcftools/snps/isec/versions.yml",
                "bcftools/snps/pass",
                "bcftools/snps/pass/A_t5.snps.consensus.pass.vcf.gz",
                "bcftools/snps/pass/A_t5.snps.consensus.pass.vcf.gz.tbi",
                "bcftools/snps/pass/versions.yml",
                "bcftools/snps/stats",
                "bcftools/snps/stats/A_t5.snps.bcftools_stats.txt",
                "bcftools/snps/stats/versions.yml",
                "bcftools/snps/view",
                "bcftools/snps/view/A_t5.muse.snps.vcf.gz",
                "bcftools/snps/view/A_t5.muse.snps.vcf.gz.tbi",
                "bcftools/snps/view/versions.yml",
                "multiqc",
                "multiqc/multiqc_data",
                "multiqc/multiqc_plots",
                "multiqc/multiqc_report.html",
                "pipeline_info",
                "pipeline_info/variantconsensus_software_mqc_versions.yml"
            ],
            [
                "README.txt:md5,d41d8cd98f00b204e9800998ecf8427e",
                "sites.txt:md5,d41d8cd98f00b204e9800998ecf8427e",
                "versions.yml:md5,70ca95d4ebd5332b5e0eeacc25d28810",
                "versions.yml:md5,a2e893f888a21780c4f3998dbe60ead1",
                "A_t5.indels.bcftools_stats.txt:md5,d41d8cd98f00b204e9800998ecf8427e",
                "versions.yml:md5,fe94737775f82527add8d1bede5bc7a4",
                "versions.yml:md5,3ad9c2a4cc23efb3315075e1b3a8212d",
                "README.txt:md5,d41d8cd98f00b204e9800998ecf8427e",
                "sites.txt:md5,d41d8cd98f00b204e9800998ecf8427e",
                "versions.yml:md5,6fb97ad6be18874723709ce6b1b4bdd2",
                "versions.yml:md5,1a00c1e02803ea5a955dacf1fed8c45f",
                "A_t5.snps.bcftools_stats.txt:md5,d41d8cd98f00b204e9800998ecf8427e",
                "versions.yml:md5,6f93ac208378534f2b93bfd872b3fce3",
                "versions.yml:md5,c795ab4eb72e3615f3a73112ee4c38fb"
            ]
        ],
        "meta": {
            "nf-test": "0.9.2",
            "nextflow": "25.04.6"
        },
        "timestamp": "2025-08-26T15:25:14.327306493"
    },
    "Params: default": {
        "content": [
            9,
            {
                "FILTER_INDELS": {
                    "bcftools": 1.21
                },
                "FILTER_SNPS": {
                    "bcftools": 1.21
                },
                "ISEC_INDELS": {
                    "bcftools": 1.21
                },
                "ISEC_SNPS": {
                    "bcftools": 1.21
                },
                "PASS_INDELS": {
                    "bcftools": 1.21
                },
                "PASS_SNPS": {
                    "bcftools": 1.21
                },
                "STATS_INDELS": {
                    "bcftools": 1.21
                },
                "STATS_SNPS": {
                    "bcftools": 1.21
                },
                "Workflow": {
                    "qbic-pipelines/variantconsensus": "v1.0.0"
                }
            },
            [
                "bcftools",
                "bcftools/indels",
                "bcftools/indels/isec",
                "bcftools/indels/isec/A_t5.indels",
                "bcftools/indels/isec/A_t5.indels/0000.vcf.gz",
                "bcftools/indels/isec/A_t5.indels/0000.vcf.gz.tbi",
                "bcftools/indels/isec/A_t5.indels/0001.vcf.gz",
                "bcftools/indels/isec/A_t5.indels/0001.vcf.gz.tbi",
                "bcftools/indels/isec/A_t5.indels/README.txt",
                "bcftools/indels/isec/A_t5.indels/sites.txt",
                "bcftools/indels/isec/versions.yml",
                "bcftools/indels/pass",
                "bcftools/indels/pass/A_t5.indels.consensus.pass.vcf.gz",
                "bcftools/indels/pass/A_t5.indels.consensus.pass.vcf.gz.tbi",
                "bcftools/indels/pass/versions.yml",
                "bcftools/indels/stats",
                "bcftools/indels/stats/A_t5.indels.bcftools_stats.txt",
                "bcftools/indels/stats/versions.yml",
                "bcftools/indels/view",
                "bcftools/indels/view/A_t5.muse.indels.vcf.gz",
                "bcftools/indels/view/A_t5.muse.indels.vcf.gz.tbi",
                "bcftools/indels/view/versions.yml",
                "bcftools/snps",
                "bcftools/snps/isec",
                "bcftools/snps/isec/A_t5.snps",
                "bcftools/snps/isec/A_t5.snps/0000.vcf.gz",
                "bcftools/snps/isec/A_t5.snps/0000.vcf.gz.tbi",
                "bcftools/snps/isec/A_t5.snps/0001.vcf.gz",
                "bcftools/snps/isec/A_t5.snps/0001.vcf.gz.tbi",
                "bcftools/snps/isec/A_t5.snps/README.txt",
                "bcftools/snps/isec/A_t5.snps/sites.txt",
                "bcftools/snps/isec/versions.yml",
                "bcftools/snps/pass",
                "bcftools/snps/pass/A_t5.snps.consensus.pass.vcf.gz",
                "bcftools/snps/pass/A_t5.snps.consensus.pass.vcf.gz.tbi",
                "bcftools/snps/pass/versions.yml",
                "bcftools/snps/stats",
                "bcftools/snps/stats/A_t5.snps.bcftools_stats.txt",
                "bcftools/snps/stats/versions.yml",
                "bcftools/snps/view",
                "bcftools/snps/view/A_t5.muse.snps.vcf.gz",
                "bcftools/snps/view/A_t5.muse.snps.vcf.gz.tbi",
                "bcftools/snps/view/versions.yml",
                "multiqc",
                "multiqc/multiqc_data",
                "multiqc/multiqc_data/BETA-multiqc.parquet",
                "multiqc/multiqc_data/bcftools-stats-subtypes.txt",
                "multiqc/multiqc_data/bcftools_stats_indel-lengths.txt",
                "multiqc/multiqc_data/bcftools_stats_variant_depths.txt",
                "multiqc/multiqc_data/bcftools_stats_vqc_Count_Indels.txt",
                "multiqc/multiqc_data/bcftools_stats_vqc_Count_SNP.txt",
                "multiqc/multiqc_data/bcftools_stats_vqc_Count_Transitions.txt",
                "multiqc/multiqc_data/bcftools_stats_vqc_Count_Transversions.txt",
                "multiqc/multiqc_data/llms-full.txt",
                "multiqc/multiqc_data/multiqc.log",
                "multiqc/multiqc_data/multiqc_bcftools_stats.txt",
                "multiqc/multiqc_data/multiqc_citations.txt",
                "multiqc/multiqc_data/multiqc_data.json",
                "multiqc/multiqc_data/multiqc_general_stats.txt",
                "multiqc/multiqc_data/multiqc_software_versions.txt",
                "multiqc/multiqc_data/multiqc_sources.txt",
                "multiqc/multiqc_plots",
                "multiqc/multiqc_plots/pdf",
                "multiqc/multiqc_plots/pdf/bcftools-stats-subtypes-cnt.pdf",
                "multiqc/multiqc_plots/pdf/bcftools-stats-subtypes-pct.pdf",
                "multiqc/multiqc_plots/pdf/bcftools_stats_indel-lengths-cnt.pdf",
                "multiqc/multiqc_plots/pdf/bcftools_stats_indel-lengths-log.pdf",
                "multiqc/multiqc_plots/pdf/bcftools_stats_variant_depths.pdf",
                "multiqc/multiqc_plots/pdf/bcftools_stats_vqc_Count_Indels.pdf",
                "multiqc/multiqc_plots/pdf/bcftools_stats_vqc_Count_SNP.pdf",
                "multiqc/multiqc_plots/pdf/bcftools_stats_vqc_Count_Transitions.pdf",
                "multiqc/multiqc_plots/pdf/bcftools_stats_vqc_Count_Transversions.pdf",
                "multiqc/multiqc_plots/png",
                "multiqc/multiqc_plots/png/bcftools-stats-subtypes-cnt.png",
                "multiqc/multiqc_plots/png/bcftools-stats-subtypes-pct.png",
                "multiqc/multiqc_plots/png/bcftools_stats_indel-lengths-cnt.png",
                "multiqc/multiqc_plots/png/bcftools_stats_indel-lengths-log.png",
                "multiqc/multiqc_plots/png/bcftools_stats_variant_depths.png",
                "multiqc/multiqc_plots/png/bcftools_stats_vqc_Count_Indels.png",
                "multiqc/multiqc_plots/png/bcftools_stats_vqc_Count_SNP.png",
                "multiqc/multiqc_plots/png/bcftools_stats_vqc_Count_Transitions.png",
                "multiqc/multiqc_plots/png/bcftools_stats_vqc_Count_Transversions.png",
                "multiqc/multiqc_plots/svg",
                "multiqc/multiqc_plots/svg/bcftools-stats-subtypes-cnt.svg",
                "multiqc/multiqc_plots/svg/bcftools-stats-subtypes-pct.svg",
                "multiqc/multiqc_plots/svg/bcftools_stats_indel-lengths-cnt.svg",
                "multiqc/multiqc_plots/svg/bcftools_stats_indel-lengths-log.svg",
                "multiqc/multiqc_plots/svg/bcftools_stats_variant_depths.svg",
                "multiqc/multiqc_plots/svg/bcftools_stats_vqc_Count_Indels.svg",
                "multiqc/multiqc_plots/svg/bcftools_stats_vqc_Count_SNP.svg",
                "multiqc/multiqc_plots/svg/bcftools_stats_vqc_Count_Transitions.svg",
                "multiqc/multiqc_plots/svg/bcftools_stats_vqc_Count_Transversions.svg",
                "multiqc/multiqc_report.html",
                "pipeline_info",
                "pipeline_info/variantconsensus_software_mqc_versions.yml"
            ],
            [
                "README.txt:md5,32ca8503e36819a3320d103c6cb71390",
                "sites.txt:md5,d41d8cd98f00b204e9800998ecf8427e",
                "versions.yml:md5,70ca95d4ebd5332b5e0eeacc25d28810",
                "versions.yml:md5,a2e893f888a21780c4f3998dbe60ead1",
                "A_t5.indels.bcftools_stats.txt:md5,e1c1cb35cf27f182da1e7edf9ae57b66",
                "versions.yml:md5,fe94737775f82527add8d1bede5bc7a4",
                "versions.yml:md5,3ad9c2a4cc23efb3315075e1b3a8212d",
                "README.txt:md5,81304b7216f9dcb747f03ea56eabbe19",
                "sites.txt:md5,ec44fcb80ac7ef7b5543176f359d25fa",
                "versions.yml:md5,6fb97ad6be18874723709ce6b1b4bdd2",
                "versions.yml:md5,1a00c1e02803ea5a955dacf1fed8c45f",
                "A_t5.snps.bcftools_stats.txt:md5,57f1d3f43b9a6e31755e6b748fd3e2f2",
                "versions.yml:md5,6f93ac208378534f2b93bfd872b3fce3",
                "versions.yml:md5,c795ab4eb72e3615f3a73112ee4c38fb",
                "bcftools-stats-subtypes.txt:md5,afb8ff6396d1c2dcf4e00970b4fb3854",
                "bcftools_stats_indel-lengths.txt:md5,43227c2772848e5d113bb464d3a516a6",
                "bcftools_stats_variant_depths.txt:md5,9fc57f153b4370fa426954101c30c5df",
                "bcftools_stats_vqc_Count_Indels.txt:md5,4364e407074b7a576a9ec4928b607c37",
                "bcftools_stats_vqc_Count_SNP.txt:md5,054646f4c45f7e64e2a553e7a0e066dd",
                "bcftools_stats_vqc_Count_Transitions.txt:md5,aaa2ee1b8323d4776b6ba22fbbdd23f2",
                "bcftools_stats_vqc_Count_Transversions.txt:md5,3cd2ca0191aa1c707685f89af7a93ad4",
                "llms-full.txt:md5,c0b4ae2858d5e2ae7c824b6f29581be7",
                "multiqc_bcftools_stats.txt:md5,9351ca77c7dac5eb36f19be91a49c041",
                "multiqc_citations.txt:md5,5cbab4ecbe14049d965fd97bd61d252b"
            ],
            [
                "0000.vcf.gz:md5,d41d8cd98f00b204e9800998ecf8427e",
                "0001.vcf.gz:md5,d41d8cd98f00b204e9800998ecf8427e",
                "A_t5.indels.consensus.pass.vcf.gz:md5,d41d8cd98f00b204e9800998ecf8427e",
                "A_t5.muse.indels.vcf.gz:md5,d41d8cd98f00b204e9800998ecf8427e",
                "0000.vcf.gz:md5,a9d0016bdee16f18dd1f83a5a052358f",
                "0001.vcf.gz:md5,66e58a9846ab6aa0a9f256f108337f9c",
                "A_t5.snps.consensus.pass.vcf.gz:md5,271c535cee4a7cb3bfb1be5fbaace233",
                "A_t5.muse.snps.vcf.gz:md5,66e58a9846ab6aa0a9f256f108337f9c"
            ]
        ],
        "meta": {
            "nf-test": "0.9.2",
            "nextflow": "25.04.6"
        },
        "timestamp": "2025-08-26T15:24:59.968821797"
    }
}